../Core/Src/LCD_biblioteka.c:49:6:LCD_Init	16	static
../Core/Src/LCD_biblioteka.c:104:6:LCD_Clear	8	static
../Core/Src/LCD_biblioteka.c:110:6:LCD_Home	8	static
../Core/Src/LCD_biblioteka.c:116:6:LCD_Display	8	static
../Core/Src/LCD_biblioteka.c:122:6:LCD_SetCursor	40	static
../Core/Src/LCD_biblioteka.c:132:6:LCD_CreateSpecialChar	24	static
../Core/Src/LCD_biblioteka.c:142:6:LCD_PrintSpecialChar	16	static
../Core/Src/LCD_biblioteka.c:147:6:LCD_LoadCustomCharacter	16	static
../Core/Src/LCD_biblioteka.c:152:6:LCD_PrintStr	16	static
../Core/Src/LCD_biblioteka.c:157:13:SendCommand	16	static
../Core/Src/LCD_biblioteka.c:162:13:SendChar	16	static
../Core/Src/LCD_biblioteka.c:167:13:Send	24	static
../Core/Src/LCD_biblioteka.c:175:13:Write4Bits	16	static
../Core/Src/LCD_biblioteka.c:181:13:ExpanderWrite	32	static
../Core/Src/LCD_biblioteka.c:187:13:PulseEnable	16	static
../Core/Src/LCD_biblioteka.c:196:13:DelayInit	4	static,ignoring_inline_asm
../Core/Src/LCD_biblioteka.c:212:13:DelayUS	32	static
