../Core/Src/main.c:82:6:ledCrvena	8	static
../Core/Src/main.c:99:6:ledZuta	8	static
../Core/Src/main.c:116:6:ledZelena	8	static
../Core/Src/main.c:132:6:ledNula	8	static
../Core/Src/main.c:141:6:signalizacijaNum	8	static
../Core/Src/main.c:176:6:signalizacijaBar	8	static
../Core/Src/main.c:494:5:main	16	static
../Core/Src/main.c:605:6:SystemClock_Config	88	static
../Core/Src/main.c:649:6:HAL_GPIO_EXTI_Callback	16	static
../Core/Src/main.c:657:6:HAL_TIM_PeriodElapsedCallback	16	static
../Core/Src/main.c:699:6:Error_Handler	4	static,ignoring_inline_asm
